---
source: tests/compiles.rs
expression: "std::fs::read_to_string(map_path).unwrap()"
---
filter = [
    "crt/include/__msvc_iter_core.hpp",
    "crt/include/__msvc_sanitizer_annotate_container.hpp",
    "crt/include/algorithm",
    "crt/include/cassert",
    "crt/include/cctype",
    "crt/include/cfloat",
    "crt/include/climits",
    "crt/include/concurrencysal.h",
    "crt/include/crtdefs.h",
    "crt/include/cstddef",
    "crt/include/cstdint",
    "crt/include/cstdio",
    "crt/include/cstdlib",
    "crt/include/cstring",
    "crt/include/cwchar",
    "crt/include/eh.h",
    "crt/include/exception",
    "crt/include/excpt.h",
    "crt/include/initializer_list",
    "crt/include/iosfwd",
    "crt/include/isa_availability.h",
    "crt/include/limits",
    "crt/include/limits.h",
    "crt/include/list",
    "crt/include/new",
    "crt/include/sal.h",
    "crt/include/setjmp.h",
    "crt/include/stdint.h",
    "crt/include/string",
    "crt/include/type_traits",
    "crt/include/use_ansi.h",
    "crt/include/utility",
    "crt/include/vadefs.h",
    "crt/include/vcruntime.h",
    "crt/include/vcruntime_exception.h",
    "crt/include/vcruntime_new.h",
    "crt/include/vcruntime_new_debug.h",
    "crt/include/vcruntime_string.h",
    "crt/include/vector",
    "crt/include/xatomic.h",
    "crt/include/xkeycheck.h",
    "crt/include/xmemory",
    "crt/include/xstring",
    "crt/include/xtr1common",
    "crt/include/xutility",
    "crt/include/yvals.h",
    "crt/include/yvals_core.h",
    "crt/lib/x86_64/msvcrt.lib",
    "crt/lib/x86_64/vcruntime.lib",
    "sdk/Include/10.0.22621/shared/WTypesbase.h",
    "sdk/Include/10.0.22621/shared/apiset.h",
    "sdk/Include/10.0.22621/shared/apisetcconv.h",
    "sdk/Include/10.0.22621/shared/basetsd.h",
    "sdk/Include/10.0.22621/shared/bcrypt.h",
    "sdk/Include/10.0.22621/shared/cderr.h",
    "sdk/Include/10.0.22621/shared/driverspecs.h",
    "sdk/Include/10.0.22621/shared/guiddef.h",
    "sdk/Include/10.0.22621/shared/inaddr.h",
    "sdk/Include/10.0.22621/shared/kernelspecs.h",
    "sdk/Include/10.0.22621/shared/ktmtypes.h",
    "sdk/Include/10.0.22621/shared/minwindef.h",
    "sdk/Include/10.0.22621/shared/poppack.h",
    "sdk/Include/10.0.22621/shared/pshpack1.h",
    "sdk/Include/10.0.22621/shared/pshpack2.h",
    "sdk/Include/10.0.22621/shared/pshpack4.h",
    "sdk/Include/10.0.22621/shared/pshpack8.h",
    "sdk/Include/10.0.22621/shared/rpc.h",
    "sdk/Include/10.0.22621/shared/rpcasync.h",
    "sdk/Include/10.0.22621/shared/rpcdce.h",
    "sdk/Include/10.0.22621/shared/rpcdcep.h",
    "sdk/Include/10.0.22621/shared/rpcndr.h",
    "sdk/Include/10.0.22621/shared/rpcnterr.h",
    "sdk/Include/10.0.22621/shared/rpcsal.h",
    "sdk/Include/10.0.22621/shared/sdkddkver.h",
    "sdk/Include/10.0.22621/shared/sdv_driverspecs.h",
    "sdk/Include/10.0.22621/shared/specstrings.h",
    "sdk/Include/10.0.22621/shared/specstrings_strict.h",
    "sdk/Include/10.0.22621/shared/specstrings_undef.h",
    "sdk/Include/10.0.22621/shared/stralign.h",
    "sdk/Include/10.0.22621/shared/tvout.h",
    "sdk/Include/10.0.22621/shared/winapifamily.h",
    "sdk/Include/10.0.22621/shared/windef.h",
    "sdk/Include/10.0.22621/shared/winerror.h",
    "sdk/Include/10.0.22621/shared/winpackagefamily.h",
    "sdk/Include/10.0.22621/shared/winsmcrd.h",
    "sdk/Include/10.0.22621/shared/wnnc.h",
    "sdk/Include/10.0.22621/shared/wtypes.h",
    "sdk/Include/10.0.22621/ucrt/assert.h",
    "sdk/Include/10.0.22621/ucrt/corecrt.h",
    "sdk/Include/10.0.22621/ucrt/corecrt_malloc.h",
    "sdk/Include/10.0.22621/ucrt/corecrt_memcpy_s.h",
    "sdk/Include/10.0.22621/ucrt/corecrt_memory.h",
    "sdk/Include/10.0.22621/ucrt/corecrt_search.h",
    "sdk/Include/10.0.22621/ucrt/corecrt_share.h",
    "sdk/Include/10.0.22621/ucrt/corecrt_stdio_config.h",
    "sdk/Include/10.0.22621/ucrt/corecrt_terminate.h",
    "sdk/Include/10.0.22621/ucrt/corecrt_wconio.h",
    "sdk/Include/10.0.22621/ucrt/corecrt_wctype.h",
    "sdk/Include/10.0.22621/ucrt/corecrt_wdirect.h",
    "sdk/Include/10.0.22621/ucrt/corecrt_wio.h",
    "sdk/Include/10.0.22621/ucrt/corecrt_wprocess.h",
    "sdk/Include/10.0.22621/ucrt/corecrt_wstdio.h",
    "sdk/Include/10.0.22621/ucrt/corecrt_wstdlib.h",
    "sdk/Include/10.0.22621/ucrt/corecrt_wstring.h",
    "sdk/Include/10.0.22621/ucrt/corecrt_wtime.h",
    "sdk/Include/10.0.22621/ucrt/crtdbg.h",
    "sdk/Include/10.0.22621/ucrt/ctype.h",
    "sdk/Include/10.0.22621/ucrt/errno.h",
    "sdk/Include/10.0.22621/ucrt/float.h",
    "sdk/Include/10.0.22621/ucrt/inttypes.h",
    "sdk/Include/10.0.22621/ucrt/malloc.h",
    "sdk/Include/10.0.22621/ucrt/math.h",
    "sdk/Include/10.0.22621/ucrt/stdio.h",
    "sdk/Include/10.0.22621/ucrt/stdlib.h",
    "sdk/Include/10.0.22621/ucrt/string.h",
    "sdk/Include/10.0.22621/ucrt/sys/stat.h",
    "sdk/Include/10.0.22621/ucrt/sys/types.h",
    "sdk/Include/10.0.22621/ucrt/wchar.h",
    "sdk/Include/10.0.22621/um/DbgHelp.h",
    "sdk/Include/10.0.22621/um/PropIdl.h",
    "sdk/Include/10.0.22621/um/PropIdlBase.h",
    "sdk/Include/10.0.22621/um/Unknwn.h",
    "sdk/Include/10.0.22621/um/Unknwnbase.h",
    "sdk/Include/10.0.22621/um/WinBase.h",
    "sdk/Include/10.0.22621/um/WinNls.h",
    "sdk/Include/10.0.22621/um/WinUser.h",
    "sdk/Include/10.0.22621/um/Windows.h",
    "sdk/Include/10.0.22621/um/apiquery2.h",
    "sdk/Include/10.0.22621/um/cguid.h",
    "sdk/Include/10.0.22621/um/combaseapi.h",
    "sdk/Include/10.0.22621/um/coml2api.h",
    "sdk/Include/10.0.22621/um/commdlg.h",
    "sdk/Include/10.0.22621/um/consoleapi.h",
    "sdk/Include/10.0.22621/um/consoleapi2.h",
    "sdk/Include/10.0.22621/um/consoleapi3.h",
    "sdk/Include/10.0.22621/um/datetimeapi.h",
    "sdk/Include/10.0.22621/um/dde.h",
    "sdk/Include/10.0.22621/um/ddeml.h",
    "sdk/Include/10.0.22621/um/debugapi.h",
    "sdk/Include/10.0.22621/um/dlgs.h",
    "sdk/Include/10.0.22621/um/dpapi.h",
    "sdk/Include/10.0.22621/um/enclaveapi.h",
    "sdk/Include/10.0.22621/um/errhandlingapi.h",
    "sdk/Include/10.0.22621/um/fibersapi.h",
    "sdk/Include/10.0.22621/um/fileapi.h",
    "sdk/Include/10.0.22621/um/fileapifromapp.h",
    "sdk/Include/10.0.22621/um/handleapi.h",
    "sdk/Include/10.0.22621/um/heapapi.h",
    "sdk/Include/10.0.22621/um/ime_cmodes.h",
    "sdk/Include/10.0.22621/um/imm.h",
    "sdk/Include/10.0.22621/um/interlockedapi.h",
    "sdk/Include/10.0.22621/um/ioapiset.h",
    "sdk/Include/10.0.22621/um/jobapi.h",
    "sdk/Include/10.0.22621/um/jobapi2.h",
    "sdk/Include/10.0.22621/um/joystickapi.h",
    "sdk/Include/10.0.22621/um/libloaderapi.h",
    "sdk/Include/10.0.22621/um/lzexpand.h",
    "sdk/Include/10.0.22621/um/mciapi.h",
    "sdk/Include/10.0.22621/um/mcx.h",
    "sdk/Include/10.0.22621/um/memoryapi.h",
    "sdk/Include/10.0.22621/um/minidumpapiset.h",
    "sdk/Include/10.0.22621/um/minwinbase.h",
    "sdk/Include/10.0.22621/um/mmeapi.h",
    "sdk/Include/10.0.22621/um/mmiscapi.h",
    "sdk/Include/10.0.22621/um/mmiscapi2.h",
    "sdk/Include/10.0.22621/um/mmsyscom.h",
    "sdk/Include/10.0.22621/um/mmsystem.h",
    "sdk/Include/10.0.22621/um/msxml.h",
    "sdk/Include/10.0.22621/um/namedpipeapi.h",
    "sdk/Include/10.0.22621/um/namespaceapi.h",
    "sdk/Include/10.0.22621/um/nb30.h",
    "sdk/Include/10.0.22621/um/ncrypt.h",
    "sdk/Include/10.0.22621/um/oaidl.h",
    "sdk/Include/10.0.22621/um/objbase.h",
    "sdk/Include/10.0.22621/um/objidl.h",
    "sdk/Include/10.0.22621/um/objidlbase.h",
    "sdk/Include/10.0.22621/um/ole2.h",
    "sdk/Include/10.0.22621/um/oleauto.h",
    "sdk/Include/10.0.22621/um/oleidl.h",
    "sdk/Include/10.0.22621/um/playsoundapi.h",
    "sdk/Include/10.0.22621/um/processenv.h",
    "sdk/Include/10.0.22621/um/processthreadsapi.h",
    "sdk/Include/10.0.22621/um/processtopologyapi.h",
    "sdk/Include/10.0.22621/um/profileapi.h",
    "sdk/Include/10.0.22621/um/prsht.h",
    "sdk/Include/10.0.22621/um/realtimeapiset.h",
    "sdk/Include/10.0.22621/um/reason.h",
    "sdk/Include/10.0.22621/um/rpcnsi.h",
    "sdk/Include/10.0.22621/um/rpcnsip.h",
    "sdk/Include/10.0.22621/um/securityappcontainer.h",
    "sdk/Include/10.0.22621/um/securitybaseapi.h",
    "sdk/Include/10.0.22621/um/servprov.h",
    "sdk/Include/10.0.22621/um/shellapi.h",
    "sdk/Include/10.0.22621/um/stringapiset.h",
    "sdk/Include/10.0.22621/um/synchapi.h",
    "sdk/Include/10.0.22621/um/sysinfoapi.h",
    "sdk/Include/10.0.22621/um/systemtopologyapi.h",
    "sdk/Include/10.0.22621/um/threadpoolapiset.h",
    "sdk/Include/10.0.22621/um/threadpoollegacyapiset.h",
    "sdk/Include/10.0.22621/um/timeapi.h",
    "sdk/Include/10.0.22621/um/timezoneapi.h",
    "sdk/Include/10.0.22621/um/urlmon.h",
    "sdk/Include/10.0.22621/um/utilapiset.h",
    "sdk/Include/10.0.22621/um/verrsrc.h",
    "sdk/Include/10.0.22621/um/wincon.h",
    "sdk/Include/10.0.22621/um/wincontypes.h",
    "sdk/Include/10.0.22621/um/wincrypt.h",
    "sdk/Include/10.0.22621/um/winefs.h",
    "sdk/Include/10.0.22621/um/wingdi.h",
    "sdk/Include/10.0.22621/um/winioctl.h",
    "sdk/Include/10.0.22621/um/winnetwk.h",
    "sdk/Include/10.0.22621/um/winnt.h",
    "sdk/Include/10.0.22621/um/winperf.h",
    "sdk/Include/10.0.22621/um/winreg.h",
    "sdk/Include/10.0.22621/um/winscard.h",
    "sdk/Include/10.0.22621/um/winsock.h",
    "sdk/Include/10.0.22621/um/winspool.h",
    "sdk/Include/10.0.22621/um/winsvc.h",
    "sdk/Include/10.0.22621/um/winver.h",
    "sdk/Include/10.0.22621/um/wow64apiset.h",
    "sdk/lib/ucrt/x86_64/ucrt.lib",
    "sdk/lib/um/x86_64/AdvAPI32.Lib",
    "sdk/lib/um/x86_64/UserEnv.Lib",
    "sdk/lib/um/x86_64/WS2_32.Lib",
    "sdk/lib/um/x86_64/bcrypt.lib",
    "sdk/lib/um/x86_64/kernel32.Lib",
    "sdk/lib/um/x86_64/ntdll.lib",
]

[symlinks]
"crt/lib/x86_64/msvcrt.lib" = ["MSVCRT.lib"]
"sdk/Include/10.0.22621/shared/WTypesbase.h" = ["wtypesbase.h"]
"sdk/Include/10.0.22621/shared/driverspecs.h" = ["DriverSpecs.h"]
"sdk/Include/10.0.22621/shared/specstrings.h" = ["SpecStrings.h"]
"sdk/Include/10.0.22621/um/DbgHelp.h" = ["dbghelp.h"]
"sdk/Include/10.0.22621/um/PropIdl.h" = ["propidl.h"]
"sdk/Include/10.0.22621/um/PropIdlBase.h" = ["propidlbase.h"]
"sdk/Include/10.0.22621/um/Unknwn.h" = ["unknwn.h"]
"sdk/Include/10.0.22621/um/Unknwnbase.h" = ["unknwnbase.h"]
"sdk/Include/10.0.22621/um/WinBase.h" = ["winbase.h"]
"sdk/Include/10.0.22621/um/WinNls.h" = ["winnls.h"]
"sdk/Include/10.0.22621/um/WinUser.h" = ["winuser.h"]
"sdk/Include/10.0.22621/um/Windows.h" = ["windows.h"]
"sdk/lib/um/x86_64/AdvAPI32.Lib" = [
    "ADVAPI32.lib",
    "advapi32.lib",
]
"sdk/lib/um/x86_64/UserEnv.Lib" = [
    "USERENV.lib",
    "userenv.lib",
]
"sdk/lib/um/x86_64/WS2_32.Lib" = [
    "WS2_32.lib",
    "ws2_32.lib",
]
"sdk/lib/um/x86_64/bcrypt.lib" = ["BCRYPT.lib"]
"sdk/lib/um/x86_64/kernel32.Lib" = [
    "KERNEL32.lib",
    "Kernel32.lib",
    "kernel32.lib",
]
"sdk/lib/um/x86_64/ntdll.lib" = ["NTDLL.lib"]

